# serializer version: 1
# name: TestEmlGolden.test_email_with_html_and_attachment
  '''
  # Release Notes
  
  From: releases@example.com
  To: team@example.com
  Date: 03/01/25 09:00
  
  Team,
  
  Release 2.3.0 is live. See the HTML body for highlights.
  
  Thanks,
  Release Engineering
  
  \## Attachments
  
  !\[chart.png\]
  
  ---
  '''
# ---
# name: TestEmlGolden.test_email_with_thread_headers
  '''
  # Re: Meeting Follow-up
  
  From: carol@example.com
  To: alice@example.com, bob@example.com
  cc: project@example.com
  Date: 03/02/25 16:45
  
  Hi team,
  
  Following up on the action items:
  - Alice will draft the proposal.
  - Bob will confirm timelines.
  - Carol will update stakeholders.
  
  Thanks!
  
  ---
  '''
# ---
# name: TestEmlGolden.test_simple_email
  '''
  # Project Update
  
  From: alice@example.com
  To: bob@example.com
  Date: 02/28/25 12:30
  
  Hello Bob,
  
  Here is the latest update on the project.
  We completed the integration tests and deployed to staging.
  
  Regards,
  Alice
  
  ---
  '''
# ---
# name: TestMhtmlGolden.test_mhtml_with_image
  '''
  # Test MHTML with Image
  
  This document contains an embedded image:
  
  ![Test image](cid:test_image.png)
  
  Text after the image.
  '''
# ---
# name: TestMhtmlGolden.test_simple_mhtml
  '''
  # Test MHTML Document
  
  This is a simple MHTML document with **bold** and *italic* text.
  
  It also contains a [link](https://example.com).
  
  * First item
  * Second item
  * Third item
  '''
# ---
# name: TestOutlookGolden.test_outlook_html_body_conversion
  '''
  # Newsletter - June 2024
  
  From: marketing@company.com
  To: subscribers@company.com
  Date: 06/01/24 09:00
  
  View the newsletter in your email client.
  
  ---
  '''
# ---
# name: TestOutlookGolden.test_outlook_simple_message
  '''
  # Important Project Update
  
  From: alice@company.com
  To: bob@company.com
  Date: 05/15/24 14:30
  
  Hi Bob,
  
  Just wanted to update you on the project status.
  We're on track for the Q2 release.
  
  Key accomplishments:
  - Completed user testing
  - Fixed all critical bugs
  - Updated documentation
  
  Let me know if you have any questions.
  
  Best regards,
  Alice
  
  ---
  '''
# ---
# name: TestOutlookGolden.test_outlook_with_attachments
  '''
  # Q2 Report - Please Review
  
  From: finance@company.com
  To: executives@company.com
  CC: managers@company.com
  Date: 06/30/24 16:00
  
  Dear Executives,
  
  Please find attached the Q2 financial report.
  
  Highlights:
  - Revenue: $5.2M (+15% YoY)
  - Profit: $1.8M (+20% YoY)
  - Customer growth: 2,500 new customers
  
  Please review and let us know if you have questions.
  
  Finance Team
  
  \## Attachments
  
  \[q2-report.png\]
  
  ---
  '''
# ---
# name: TestZipGolden.test_simple_zip
  '''
  ## README.txt
  
  Sample ZIP archive for testing
  
  ## docs/notes.txt
  
  Nested directory entry
  '''
# ---
# name: TestZipGolden.test_zip_with_binary_assets
  '''
  ## data/report.csv
  
  | id | value |
  |:---:|:---:|
  | 1 | 42 |
  | 2 | 99 |
  
  ## scripts/run.sh
  
  ```bash
  #!/bin/sh
   echo 'ZIP fixture'
  ```
  '''
# ---
# name: TestZipGolden.test_zip_with_nested_archive
  '''
  ## archives/inner.zip
  
  ## inner.txt
  
  Nested archive content
  
  ## README.md
  
  # Zip Fixture
  
  Contains a nested archive.
  '''
# ---
