# serializer version: 1
# name: TestCsvGolden.test_csv_basic
  '''
  | Name | Department | Score |
  |:---:|:---:|:---:|
  | Alice Johnson | Engineering | 92 |
  | Bob Smith | Support | 87 |
  | Carol Davis | Product | 95 |
  '''
# ---
# name: TestCsvGolden.test_csv_with_special_characters
  '''
  | ID | Notes | Amount |
  |:---:|:---:|:---:|
  | INV-001 | Contains, comma | 1000 |
  | INV-002 | Quoted "value" field | 850.50 |
  | INV-003 | Multi-line comment entry | 120 |
  '''
# ---
# name: TestCsvGolden.test_csv_with_unicode
  '''
  | City | Country | Population |
  |:---:|:---:|:---:|
  | Zürich | Switzerland | 402762 |
  | München | Germany | 1471508 |
  | São Paulo | Brazil | 12330000 |
  '''
# ---
# name: TestEpubGolden.test_epub_simple_document
  '''
  # Table of Contents

  ## Chapter 1

  ## Chapter 2

  ---

  # Chapter 1: Introduction

  This is the first chapter with **bold text** and *italic text*.

  This paragraph contains a [link](https://example.com).

  # Chapter 2: Content

  This chapter has a list:

  * Item 1
  * Item 2
  * Item 3

  And a table:

  | Header 1 | Header 2 |
  |---|---|
  | Cell 1 | Cell 2 |

  ## Test EPUB Document

  1. [Chapter 1](chapter1.xhtml)
  2. [Chapter 2](chapter2.xhtml)
  '''
# ---
# name: TestEpubGolden.test_epub_with_images
  '''
  # Table of Contents

  ## Chapter with Image

  ---

  # Chapter with Image

  This chapter contains an image:

  ![Test image](images/test_image.png)

  Text after the image.

  ## Test EPUB with Images

  1. [Chapter with Image](chapter_image.xhtml)
  '''
# ---
# name: TestIpynbGolden.test_ipynb_simple_notebook
  '''
  # Simple Notebook

  This is a basic test notebook.

  ```python
  print('Hello, World!')
  ```

  ```
  Hello, World!
  ```
  '''
# ---
# name: TestIpynbGolden.test_ipynb_with_images
  '''
  # Notebook with Images

  This notebook contains image outputs.

  ```python
  import matplotlib.pyplot as plt
  import numpy as np

  # Create a simple plot
  x = np.linspace(0, 10, 100)
  y = np.sin(x)
  plt.figure(figsize=(8, 6))
  plt.plot(x, y)
  plt.title('Sine Wave')
  plt.xlabel('x')
  plt.ylabel('sin(x)')
  plt.show()
  ```

  ![cell output]()

  ```python
  # Multiple output formats
  from PIL import Image
  import io
  img = Image.new('RGB', (50, 50), 'red')
  img
  ```

  ![cell output]()
  '''
# ---
# name: TestOdfGolden.test_odp_with_slides
  '''
  Welcome to Our Presentation

  This is the first slide with introductory content.

  -----

  Second Slide

  * First key point
  * Second key point
  * Third key point
  '''
# ---
# name: TestOdfGolden.test_ods_with_sheet
  '''
  ## SalesData

  | Region | Quarter | Revenue |
  |:---:|:---:|:---:|
  | North | Q1 | 150000 |
  | North | Q2 | 165000 |
  | South | Q1 | 98000 |
  | South | Q2 | 105000 |
  '''
# ---
# name: TestOdfGolden.test_odt_with_formatting
  '''
  # Formatting Test Document

  This paragraph contains **bold text**, *italic text*, and normal text.

  This paragraph has **bold and italic text** together.

  ## Level 2 Heading

  Content under level 2 heading.

  ### Level 3 Heading

  Content under level 3 heading.

  Visit our [website](https://example.com) for more information.
  '''
# ---
# name: TestOdfGolden.test_odt_with_lists
  '''
  # List Test Document

  ## Unordered List

  * First bullet item
  * Second bullet item
  * Third bullet item

  ## Ordered List

  1. First numbered item
  2. Second numbered item
  3. Third numbered item

  ## Nested List

  * Parent item 1
    - Child item 1.1
    - Child item 1.2
  * Parent item 2
  '''
# ---
# name: TestXlsxGolden.test_xlsx_basic_table
  '''
  ## Employees

  | Name | Role | Score |
  |:---:|:---:|:---:|
  | Alice | Engineer | 95 |
  | Bob | Designer | 88 |
  | Carol | Manager | 91 |
  '''
# ---
# name: TestXlsxGolden.test_xlsx_multiple_sheets
  '''
  ## Summary

  | Sheet | Rows |
  |:---:|:---:|
  | Summary | 2 |
  | Data | 4 |

  ## Data

  | Product | Units | Price |
  |:---:|:---:|:---:|
  | Widget | 10 | 9.99 |
  | Gadget | 5 | 19.99 |
  | Doohickey | 3 | 14.5 |

  ## Notes

  | Notes |
  |:---:|
  | This sheet contains text notes for testing. |
  '''
# ---
# name: TestXlsxGolden.test_xlsx_with_chart
  '''
  ## Sales Data

  | Month | Revenue |
  |:---:|:---:|
  | January | 100 |
  | February | 150 |
  | March | 200 |
  '''
# ---
# name: TestXlsxGolden.test_xlsx_with_image
  '''
  ## Images

  | Description | Value |
  |:---:|:---:|
  | Has image | 1 |
  | Another row | 2 |

  ![image]()
  '''
# ---
